// Vitest Snapshot v1, https://vitest.dev/guide/snapshot.html

exports[`should render as expected 1`] = `
"<h2>To-do Utility</h2>
<form><input type=\\"text\\" placeholder=\\"Add to-do item\\"><button type=\\"submit\\" disabled=\\"\\">Add</button></form>
<todo-list-stub title=\\"To-do list\\" items=\\"[object Object],[object Object]\\"></todo-list-stub>
<todo-list-stub title=\\"Completed list\\" items=\\"[object Object]\\"></todo-list-stub>"
`;
